// Jest Snapshot v1, https://goo.gl/fbAQLP

exports[`Candidates Component should Match the Snapshot 1`] = `
<div>
  <div
    class="sc-fzXfMy iYcLKJ"
  >
    <div
      class="sc-fzXfMw eyxjsE"
    />
  </div>
</div>
`;
