// Jest Snapshot v1, https://goo.gl/fbAQLP

exports[`Banner Component should Match the Snapshot 1`] = `
<div>
  <div
    class="sc-AykKC dJdDiY"
  />
</div>
`;
